#
# There is insufficient memory for the Java Runtime Environment to continue.
# Native memory allocation (malloc) failed to allocate 131088 bytes for Chunk::new
# Possible reasons:
#   The system is out of physical RAM or swap space
#   The process is running with CompressedOops enabled, and the Java Heap may be blocking the growth of the native heap
# Possible solutions:
#   Reduce memory load on the system
#   Increase physical memory or swap space
#   Check if swap backing store is full
#   Decrease Java heap size (-Xmx/-Xms)
#   Decrease number of Java threads
#   Decrease Java thread stack sizes (-Xss)
#   Set larger code cache with -XX:ReservedCodeCacheSize=
#   JVM is running with Unscaled Compressed Oops mode in which the Java heap is
#     placed in the first 4GB address space. The Java Heap base address is the
#     maximum limit for the native heap growth. Please use -XX:HeapBaseMinAddress
#     to set the Java Heap base and to place the Java Heap above 4GB virtual address.
# This output file may be truncated or incomplete.
#
#  Out of Memory Error (arena.cpp:189), pid=35324, tid=37512
#
# JRE version: Java(TM) SE Runtime Environment (17.0.8+9) (build 17.0.8+9-LTS-211)
# Java VM: Java HotSpot(TM) 64-Bit Server VM (17.0.8+9-LTS-211, mixed mode, sharing, tiered, compressed oops, compressed class ptrs, g1 gc, windows-amd64)
# No core dump will be written. Minidumps are not enabled by default on client versions of Windows
#

---------------  S U M M A R Y ------------

Command Line: -javaagent:C:\Program Files\JetBrains\IntelliJ IDEA Community Edition 2023.2.2\lib\idea_rt.jar=51759:C:\Program Files\JetBrains\IntelliJ IDEA Community Edition 2023.2.2\bin -Dfile.encoding=UTF-8 cyclosTestNg.TesingTestMethods

Host: Intel(R) Core(TM) i3-5005U CPU @ 2.00GHz, 4 cores, 3G,  Windows 10 , 64 bit Build 19041 (10.0.19041.3393)
Time: Sun Dec 10 11:13:23 2023 India Standard Time elapsed time: 16.373096 seconds (0d 0h 0m 16s)

---------------  T H R E A D  ---------------

Current thread (0x0000023670bb69b0):  JavaThread "C2 CompilerThread0" daemon [_thread_in_native, id=37512, stack(0x00000048fbb00000,0x00000048fbc00000)]


Current CompileTask:
C2:  16373 1613       4       java.lang.invoke.MethodType::makeImpl (109 bytes)

Stack: [0x00000048fbb00000,0x00000048fbc00000]
Native frames: (J=compiled Java code, j=interpreted, Vv=VM code, C=native code)
V  [jvm.dll+0x677d0a]
V  [jvm.dll+0x7d8c54]
V  [jvm.dll+0x7da3fe]
V  [jvm.dll+0x7daa63]
V  [jvm.dll+0x245c5f]
V  [jvm.dll+0xaaa6b]
V  [jvm.dll+0xab00c]
V  [jvm.dll+0xaab84]
V  [jvm.dll+0x69d1c5]
V  [jvm.dll+0x1a8103]
V  [jvm.dll+0x69eeef]
V  [jvm.dll+0x33c6c3]
V  [jvm.dll+0x6921a0]
V  [jvm.dll+0x68b31c]
V  [jvm.dll+0x68c9fb]
V  [jvm.dll+0x6902dc]
V  [jvm.dll+0x6882d6]
V  [jvm.dll+0x687920]
V  [jvm.dll+0x68582a]
V  [jvm.dll+0x1a6d0c]
V  [jvm.dll+0x2aa7fc]
V  [jvm.dll+0x690303]
V  [jvm.dll+0x6882d6]
V  [jvm.dll+0x687920]
V  [jvm.dll+0x68582a]
V  [jvm.dll+0x1a6d0c]
V  [jvm.dll+0x2aa7fc]
V  [jvm.dll+0x690303]
V  [jvm.dll+0x6882d6]
V  [jvm.dll+0x687920]
V  [jvm.dll+0x68582a]
V  [jvm.dll+0x1a6d0c]
V  [jvm.dll+0x2aa7fc]
V  [jvm.dll+0x690303]
V  [jvm.dll+0x6882d6]
V  [jvm.dll+0x687920]
V  [jvm.dll+0x68582a]
V  [jvm.dll+0x1a6d0c]
V  [jvm.dll+0x2aa7fc]
V  [jvm.dll+0x690303]
V  [jvm.dll+0x6882d6]
V  [jvm.dll+0x687920]
V  [jvm.dll+0x68582a]
V  [jvm.dll+0x1a6d0c]
V  [jvm.dll+0x2aa7fc]
V  [jvm.dll+0x690303]
V  [jvm.dll+0x6882d6]
V  [jvm.dll+0x687920]
V  [jvm.dll+0x68582a]
V  [jvm.dll+0x1a6d0c]
V  [jvm.dll+0x2aa7fc]
V  [jvm.dll+0x690303]
V  [jvm.dll+0x6882d6]
V  [jvm.dll+0x687920]
V  [jvm.dll+0x68582a]
V  [jvm.dll+0x1a6d0c]
V  [jvm.dll+0x216fe8]
V  [jvm.dll+0x1a3af0]
V  [jvm.dll+0x2270be]
V  [jvm.dll+0x22535b]
V  [jvm.dll+0x78e7bc]
V  [jvm.dll+0x788bba]
V  [jvm.dll+0x676b35]
C  [ucrtbase.dll+0x21bb2]
C  [KERNEL32.DLL+0x17344]
C  [ntdll.dll+0x526b1]


---------------  P R O C E S S  ---------------

Threads class SMR info:
_java_thread_list=0x000002367505f050, length=26, elements={
0x000002365592df90, 0x00000236559eb3a0, 0x00000236559ec9b0, 0x00000236559fd150,
0x00000236559fdc10, 0x0000023655a01d80, 0x0000023655a02ed0, 0x0000023670bb69b0,
0x0000023655a0cbf0, 0x0000023655a0ddc0, 0x0000023675041cc0, 0x000002367516e3b0,
0x00000236751756e0, 0x0000023675750060, 0x0000023675af15d0, 0x0000023675b1e280,
0x0000023675b1ebd0, 0x0000023675b1f520, 0x0000023675b28d40, 0x0000023675bc2110,
0x0000023675bc2ab0, 0x0000023675bc3450, 0x0000023675bc12a0, 0x0000023675bc1770,
0x0000023675bc2f80, 0x0000023675bc0dd0
}

Java Threads: ( => current thread )
  0x000002365592df90 JavaThread "main" [_thread_in_vm, id=38028, stack(0x00000048fae00000,0x00000048faf00000)]
  0x00000236559eb3a0 JavaThread "Reference Handler" daemon [_thread_blocked, id=38176, stack(0x00000048fb500000,0x00000048fb600000)]
  0x00000236559ec9b0 JavaThread "Finalizer" daemon [_thread_blocked, id=36264, stack(0x00000048fb600000,0x00000048fb700000)]
  0x00000236559fd150 JavaThread "Signal Dispatcher" daemon [_thread_blocked, id=20888, stack(0x00000048fb700000,0x00000048fb800000)]
  0x00000236559fdc10 JavaThread "Attach Listener" daemon [_thread_blocked, id=37276, stack(0x00000048fb800000,0x00000048fb900000)]
  0x0000023655a01d80 JavaThread "Service Thread" daemon [_thread_blocked, id=40856, stack(0x00000048fb900000,0x00000048fba00000)]
  0x0000023655a02ed0 JavaThread "Monitor Deflation Thread" daemon [_thread_blocked, id=40052, stack(0x00000048fba00000,0x00000048fbb00000)]
=>0x0000023670bb69b0 JavaThread "C2 CompilerThread0" daemon [_thread_in_native, id=37512, stack(0x00000048fbb00000,0x00000048fbc00000)]
  0x0000023655a0cbf0 JavaThread "C1 CompilerThread0" daemon [_thread_blocked, id=42588, stack(0x00000048fbc00000,0x00000048fbd00000)]
  0x0000023655a0ddc0 JavaThread "Sweeper thread" daemon [_thread_blocked, id=17604, stack(0x00000048fbd00000,0x00000048fbe00000)]
  0x0000023675041cc0 JavaThread "Common-Cleaner" daemon [_thread_blocked, id=39772, stack(0x00000048fbe00000,0x00000048fbf00000)]
  0x000002367516e3b0 JavaThread "Monitor Ctrl-Break" daemon [_thread_in_native, id=34380, stack(0x00000048fbf00000,0x00000048fc000000)]
  0x00000236751756e0 JavaThread "Notification Thread" daemon [_thread_blocked, id=44692, stack(0x00000048fc000000,0x00000048fc100000)]
  0x0000023675750060 JavaThread "ForkJoinPool.commonPool-worker-1" daemon [_thread_blocked, id=45024, stack(0x00000048fc200000,0x00000048fc300000)]
  0x0000023675af15d0 JavaThread "HttpClient-1-SelectorManager" daemon [_thread_in_native, id=43320, stack(0x00000048fc600000,0x00000048fc700000)]
  0x0000023675b1e280 JavaThread "Thread-2" [_thread_in_native, id=30164, stack(0x00000048fc700000,0x00000048fc800000)]
  0x0000023675b1ebd0 JavaThread "Driver Service Executor" daemon [_thread_blocked, id=41920, stack(0x00000048fc800000,0x00000048fc900000)]
  0x0000023675b1f520 JavaThread "Driver Service Executor" daemon [_thread_in_native, id=5704, stack(0x00000048fc900000,0x00000048fca00000)]
  0x0000023675b28d40 JavaThread "UrlChecker-2" daemon [_thread_blocked, id=43004, stack(0x00000048fca00000,0x00000048fcb00000)]
  0x0000023675bc2110 JavaThread "pool-1-thread-1" [_thread_blocked, id=40804, stack(0x00000048fcd00000,0x00000048fce00000)]
  0x0000023675bc2ab0 JavaThread "pool-1-thread-2" [_thread_blocked, id=14776, stack(0x00000048fce00000,0x00000048fcf00000)]
  0x0000023675bc3450 JavaThread "pool-1-thread-3" [_thread_blocked, id=36020, stack(0x00000048fcf00000,0x00000048fd000000)]
  0x0000023675bc12a0 JavaThread "HttpClient-2-SelectorManager" daemon [_thread_in_native, id=41948, stack(0x00000048fcc00000,0x00000048fcd00000)]
  0x0000023675bc1770 JavaThread "pool-2-thread-1" [_thread_blocked, id=44092, stack(0x00000048fd000000,0x00000048fd100000)]
  0x0000023675bc2f80 JavaThread "pool-2-thread-2" [_thread_blocked, id=34320, stack(0x00000048fd100000,0x00000048fd200000)]
  0x0000023675bc0dd0 JavaThread "pool-2-thread-3" [_thread_blocked, id=25980, stack(0x00000048fd200000,0x00000048fd300000)]

Other Threads:
  0x00000236559e3ff0 VMThread "VM Thread" [stack: 0x00000048fb400000,0x00000048fb500000] [id=36504]
  0x0000023655979d20 WatcherThread [stack: 0x00000048fc100000,0x00000048fc200000] [id=34572]
  0x0000023655968ce0 GCTaskThread "GC Thread#0" [stack: 0x00000048faf00000,0x00000048fb000000] [id=9452]
  0x0000023675c11770 GCTaskThread "GC Thread#1" [stack: 0x00000048fc300000,0x00000048fc400000] [id=42120]
  0x0000023675a6a8e0 GCTaskThread "GC Thread#2" [stack: 0x00000048fc400000,0x00000048fc500000] [id=39620]
  0x0000023675a6ab90 GCTaskThread "GC Thread#3" [stack: 0x00000048fc500000,0x00000048fc600000] [id=15412]
  0x00000236559719e0 ConcurrentGCThread "G1 Main Marker" [stack: 0x00000048fb000000,0x00000048fb100000] [id=38560]
  0x0000023655973ba0 ConcurrentGCThread "G1 Conc#0" [stack: 0x00000048fb100000,0x00000048fb200000] [id=26840]
  0x00000236559c4250 ConcurrentGCThread "G1 Refine#0" [stack: 0x00000048fb200000,0x00000048fb300000] [id=25300]
  0x00000236559c4c70 ConcurrentGCThread "G1 Service" [stack: 0x00000048fb300000,0x00000048fb400000] [id=21316]

Threads with active compile tasks:
C2 CompilerThread0    16519 1613       4       java.lang.invoke.MethodType::makeImpl (109 bytes)

VM state: not at safepoint (normal execution)

VM Mutex/Monitor currently owned by a thread: None

Heap address: 0x00000000c1200000, size: 1006 MB, Compressed Oops mode: 32-bit

CDS archive(s) mapped at: [0x0000023600000000-0x0000023600bd0000-0x0000023600bd0000), size 12386304, SharedBaseAddress: 0x0000023600000000, ArchiveRelocationMode: 1.
Compressed class space mapped at: 0x0000023601000000-0x0000023641000000, reserved size: 1073741824
Narrow klass base: 0x0000023600000000, Narrow klass shift: 0, Narrow klass range: 0x100000000

GC Precious Log:
 CPUs: 4 total, 4 available
 Memory: 4016M
 Large Page Support: Disabled
 NUMA Support: Disabled
 Compressed Oops: Enabled (32-bit)
 Heap Region Size: 1M
 Heap Min Capacity: 8M
 Heap Initial Capacity: 64M
 Heap Max Capacity: 1006M
 Pre-touch: Disabled
 Parallel Workers: 4
 Concurrent Workers: 1
 Concurrent Refinement Workers: 4
 Periodic GC: Disabled

Heap:
 garbage-first heap   total 65536K, used 13281K [0x00000000c1200000, 0x0000000100000000)
  region size 1024K, 8 young (8192K), 2 survivors (2048K)
 Metaspace       used 13020K, committed 13248K, reserved 1114112K
  class space    used 1596K, committed 1728K, reserved 1048576K

Heap Regions: E=young(eden), S=young(survivor), O=old, HS=humongous(starts), HC=humongous(continues), CS=collection set, F=free, OA=open archive, CA=closed archive, TAMS=top-at-mark-start (previous, next)
|   0|0x00000000c1200000, 0x00000000c1300000, 0x00000000c1300000|100%|HS|  |TAMS 0x00000000c1200000, 0x00000000c1200000| Complete 
|   1|0x00000000c1300000, 0x00000000c1400000, 0x00000000c1400000|100%|HC|  |TAMS 0x00000000c1300000, 0x00000000c1300000| Complete 
|   2|0x00000000c1400000, 0x00000000c1500000, 0x00000000c1500000|100%|HC|  |TAMS 0x00000000c1400000, 0x00000000c1400000| Complete 
|   3|0x00000000c1500000, 0x00000000c1600000, 0x00000000c1600000|100%| O|  |TAMS 0x00000000c1500000, 0x00000000c1500000| Untracked 
|   4|0x00000000c1600000, 0x00000000c1700000, 0x00000000c1700000|100%| O|  |TAMS 0x00000000c1600000, 0x00000000c1600000| Untracked 
|   5|0x00000000c1700000, 0x00000000c1800000, 0x00000000c1800000|100%| O|  |TAMS 0x00000000c1700000, 0x00000000c1700000| Untracked 
|   6|0x00000000c1800000, 0x00000000c187ce00, 0x00000000c1900000| 48%| O|  |TAMS 0x00000000c1800000, 0x00000000c1800000| Untracked 
|   7|0x00000000c1900000, 0x00000000c1900000, 0x00000000c1a00000|  0%| F|  |TAMS 0x00000000c1900000, 0x00000000c1900000| Untracked 
|   8|0x00000000c1a00000, 0x00000000c1a00000, 0x00000000c1b00000|  0%| F|  |TAMS 0x00000000c1a00000, 0x00000000c1a00000| Untracked 
|   9|0x00000000c1b00000, 0x00000000c1b00000, 0x00000000c1c00000|  0%| F|  |TAMS 0x00000000c1b00000, 0x00000000c1b00000| Untracked 
|  10|0x00000000c1c00000, 0x00000000c1c00000, 0x00000000c1d00000|  0%| F|  |TAMS 0x00000000c1c00000, 0x00000000c1c00000| Untracked 
|  11|0x00000000c1d00000, 0x00000000c1d00000, 0x00000000c1e00000|  0%| F|  |TAMS 0x00000000c1d00000, 0x00000000c1d00000| Untracked 
|  12|0x00000000c1e00000, 0x00000000c1e00000, 0x00000000c1f00000|  0%| F|  |TAMS 0x00000000c1e00000, 0x00000000c1e00000| Untracked 
|  13|0x00000000c1f00000, 0x00000000c1f00000, 0x00000000c2000000|  0%| F|  |TAMS 0x00000000c1f00000, 0x00000000c1f00000| Untracked 
|  14|0x00000000c2000000, 0x00000000c2000000, 0x00000000c2100000|  0%| F|  |TAMS 0x00000000c2000000, 0x00000000c2000000| Untracked 
|  15|0x00000000c2100000, 0x00000000c2100000, 0x00000000c2200000|  0%| F|  |TAMS 0x00000000c2100000, 0x00000000c2100000| Untracked 
|  16|0x00000000c2200000, 0x00000000c2200000, 0x00000000c2300000|  0%| F|  |TAMS 0x00000000c2200000, 0x00000000c2200000| Untracked 
|  17|0x00000000c2300000, 0x00000000c2300000, 0x00000000c2400000|  0%| F|  |TAMS 0x00000000c2300000, 0x00000000c2300000| Untracked 
|  18|0x00000000c2400000, 0x00000000c2400000, 0x00000000c2500000|  0%| F|  |TAMS 0x00000000c2400000, 0x00000000c2400000| Untracked 
|  19|0x00000000c2500000, 0x00000000c2500000, 0x00000000c2600000|  0%| F|  |TAMS 0x00000000c2500000, 0x00000000c2500000| Untracked 
|  20|0x00000000c2600000, 0x00000000c2600000, 0x00000000c2700000|  0%| F|  |TAMS 0x00000000c2600000, 0x00000000c2600000| Untracked 
|  21|0x00000000c2700000, 0x00000000c2700000, 0x00000000c2800000|  0%| F|  |TAMS 0x00000000c2700000, 0x00000000c2700000| Untracked 
|  22|0x00000000c2800000, 0x00000000c2800000, 0x00000000c2900000|  0%| F|  |TAMS 0x00000000c2800000, 0x00000000c2800000| Untracked 
|  23|0x00000000c2900000, 0x00000000c2900000, 0x00000000c2a00000|  0%| F|  |TAMS 0x00000000c2900000, 0x00000000c2900000| Untracked 
|  24|0x00000000c2a00000, 0x00000000c2a00000, 0x00000000c2b00000|  0%| F|  |TAMS 0x00000000c2a00000, 0x00000000c2a00000| Untracked 
|  25|0x00000000c2b00000, 0x00000000c2b00000, 0x00000000c2c00000|  0%| F|  |TAMS 0x00000000c2b00000, 0x00000000c2b00000| Untracked 
|  26|0x00000000c2c00000, 0x00000000c2c00000, 0x00000000c2d00000|  0%| F|  |TAMS 0x00000000c2c00000, 0x00000000c2c00000| Untracked 
|  27|0x00000000c2d00000, 0x00000000c2d00000, 0x00000000c2e00000|  0%| F|  |TAMS 0x00000000c2d00000, 0x00000000c2d00000| Untracked 
|  28|0x00000000c2e00000, 0x00000000c2e00000, 0x00000000c2f00000|  0%| F|  |TAMS 0x00000000c2e00000, 0x00000000c2e00000| Untracked 
|  29|0x00000000c2f00000, 0x00000000c2f00000, 0x00000000c3000000|  0%| F|  |TAMS 0x00000000c2f00000, 0x00000000c2f00000| Untracked 
|  30|0x00000000c3000000, 0x00000000c3000000, 0x00000000c3100000|  0%| F|  |TAMS 0x00000000c3000000, 0x00000000c3000000| Untracked 
|  31|0x00000000c3100000, 0x00000000c3100000, 0x00000000c3200000|  0%| F|  |TAMS 0x00000000c3100000, 0x00000000c3100000| Untracked 
|  32|0x00000000c3200000, 0x00000000c3200000, 0x00000000c3300000|  0%| F|  |TAMS 0x00000000c3200000, 0x00000000c3200000| Untracked 
|  33|0x00000000c3300000, 0x00000000c3300000, 0x00000000c3400000|  0%| F|  |TAMS 0x00000000c3300000, 0x00000000c3300000| Untracked 
|  34|0x00000000c3400000, 0x00000000c3400000, 0x00000000c3500000|  0%| F|  |TAMS 0x00000000c3400000, 0x00000000c3400000| Untracked 
|  35|0x00000000c3500000, 0x00000000c3500000, 0x00000000c3600000|  0%| F|  |TAMS 0x00000000c3500000, 0x00000000c3500000| Untracked 
|  36|0x00000000c3600000, 0x00000000c3600000, 0x00000000c3700000|  0%| F|  |TAMS 0x00000000c3600000, 0x00000000c3600000| Untracked 
|  37|0x00000000c3700000, 0x00000000c3700000, 0x00000000c3800000|  0%| F|  |TAMS 0x00000000c3700000, 0x00000000c3700000| Untracked 
|  38|0x00000000c3800000, 0x00000000c3800000, 0x00000000c3900000|  0%| F|  |TAMS 0x00000000c3800000, 0x00000000c3800000| Untracked 
|  39|0x00000000c3900000, 0x00000000c3900000, 0x00000000c3a00000|  0%| F|  |TAMS 0x00000000c3900000, 0x00000000c3900000| Untracked 
|  40|0x00000000c3a00000, 0x00000000c3a00000, 0x00000000c3b00000|  0%| F|  |TAMS 0x00000000c3a00000, 0x00000000c3a00000| Untracked 
|  41|0x00000000c3b00000, 0x00000000c3b00000, 0x00000000c3c00000|  0%| F|  |TAMS 0x00000000c3b00000, 0x00000000c3b00000| Untracked 
|  42|0x00000000c3c00000, 0x00000000c3c00000, 0x00000000c3d00000|  0%| F|  |TAMS 0x00000000c3c00000, 0x00000000c3c00000| Untracked 
|  43|0x00000000c3d00000, 0x00000000c3d00000, 0x00000000c3e00000|  0%| F|  |TAMS 0x00000000c3d00000, 0x00000000c3d00000| Untracked 
|  44|0x00000000c3e00000, 0x00000000c3e00000, 0x00000000c3f00000|  0%| F|  |TAMS 0x00000000c3e00000, 0x00000000c3e00000| Untracked 
|  45|0x00000000c3f00000, 0x00000000c3f00000, 0x00000000c4000000|  0%| F|  |TAMS 0x00000000c3f00000, 0x00000000c3f00000| Untracked 
|  46|0x00000000c4000000, 0x00000000c4000000, 0x00000000c4100000|  0%| F|  |TAMS 0x00000000c4000000, 0x00000000c4000000| Untracked 
|  47|0x00000000c4100000, 0x00000000c4100000, 0x00000000c4200000|  0%| F|  |TAMS 0x00000000c4100000, 0x00000000c4100000| Untracked 
|  48|0x00000000c4200000, 0x00000000c4200000, 0x00000000c4300000|  0%| F|  |TAMS 0x00000000c4200000, 0x00000000c4200000| Untracked 
|  49|0x00000000c4300000, 0x00000000c4300000, 0x00000000c4400000|  0%| F|  |TAMS 0x00000000c4300000, 0x00000000c4300000| Untracked 
|  50|0x00000000c4400000, 0x00000000c4400000, 0x00000000c4500000|  0%| F|  |TAMS 0x00000000c4400000, 0x00000000c4400000| Untracked 
|  51|0x00000000c4500000, 0x00000000c457b840, 0x00000000c4600000| 48%| S|CS|TAMS 0x00000000c4500000, 0x00000000c4500000| Complete 
|  52|0x00000000c4600000, 0x00000000c4700000, 0x00000000c4700000|100%| S|CS|TAMS 0x00000000c4600000, 0x00000000c4600000| Complete 
|  53|0x00000000c4700000, 0x00000000c4700000, 0x00000000c4800000|  0%| F|  |TAMS 0x00000000c4700000, 0x00000000c4700000| Untracked 
|  54|0x00000000c4800000, 0x00000000c4800000, 0x00000000c4900000|  0%| F|  |TAMS 0x00000000c4800000, 0x00000000c4800000| Untracked 
|  55|0x00000000c4900000, 0x00000000c4900000, 0x00000000c4a00000|  0%| F|  |TAMS 0x00000000c4900000, 0x00000000c4900000| Untracked 
|  56|0x00000000c4a00000, 0x00000000c4a00000, 0x00000000c4b00000|  0%| F|  |TAMS 0x00000000c4a00000, 0x00000000c4a00000| Untracked 
|  57|0x00000000c4b00000, 0x00000000c4b00000, 0x00000000c4c00000|  0%| F|  |TAMS 0x00000000c4b00000, 0x00000000c4b00000| Untracked 
|  58|0x00000000c4c00000, 0x00000000c4cd5d80, 0x00000000c4d00000| 83%| E|  |TAMS 0x00000000c4c00000, 0x00000000c4c00000| Complete 
|  59|0x00000000c4d00000, 0x00000000c4e00000, 0x00000000c4e00000|100%| E|CS|TAMS 0x00000000c4d00000, 0x00000000c4d00000| Complete 
|  60|0x00000000c4e00000, 0x00000000c4f00000, 0x00000000c4f00000|100%| E|CS|TAMS 0x00000000c4e00000, 0x00000000c4e00000| Complete 
|  61|0x00000000c4f00000, 0x00000000c5000000, 0x00000000c5000000|100%| E|CS|TAMS 0x00000000c4f00000, 0x00000000c4f00000| Complete 
|  62|0x00000000c5000000, 0x00000000c5100000, 0x00000000c5100000|100%| E|CS|TAMS 0x00000000c5000000, 0x00000000c5000000| Complete 
|  63|0x00000000c5100000, 0x00000000c5200000, 0x00000000c5200000|100%| E|CS|TAMS 0x00000000c5100000, 0x00000000c5100000| Complete 

Card table byte_map: [0x000002366c3e0000,0x000002366c5e0000] _byte_map_base: 0x000002366bdd7000

Marking Bits (Prev, Next): (CMBitMap*) 0x00000236559692f0, (CMBitMap*) 0x0000023655969330
 Prev Bits: [0x000002366c7e0000, 0x000002366d798000)
 Next Bits: [0x000002366d7a0000, 0x000002366e758000)

Polling page: 0x0000023655110000

Metaspace:

Usage:
  Non-class:     11.18 MB used.
      Class:      1.56 MB used.
       Both:     12.74 MB used.

Virtual space:
  Non-class space:       64.00 MB reserved,      11.31 MB ( 18%) committed,  1 nodes.
      Class space:        1.00 GB reserved,       1.69 MB ( <1%) committed,  1 nodes.
             Both:        1.06 GB reserved,      13.00 MB (  1%) committed. 

Chunk freelists:
   Non-Class:  4.50 MB
       Class:  14.30 MB
        Both:  18.80 MB

MaxMetaspaceSize: unlimited
CompressedClassSpaceSize: 1.00 GB
Initial GC threshold: 21.00 MB
Current GC threshold: 21.00 MB
CDS: on
MetaspaceReclaimPolicy: balanced
 - commit_granule_bytes: 65536.
 - commit_granule_words: 8192.
 - virtual_space_node_default_size: 8388608.
 - enlarge_chunks_in_place: 1.
 - new_chunks_are_fully_committed: 0.
 - uncommit_free_chunks: 1.
 - use_allocation_guard: 0.
 - handle_deallocations: 1.


Internal statistics:

num_allocs_failed_limit: 0.
num_arena_births: 212.
num_arena_deaths: 0.
num_vsnodes_births: 2.
num_vsnodes_deaths: 0.
num_space_committed: 208.
num_space_uncommitted: 0.
num_chunks_returned_to_freelist: 0.
num_chunks_taken_from_freelist: 512.
num_chunk_merges: 0.
num_chunk_splits: 317.
num_chunks_enlarged: 217.
num_purges: 0.
num_inconsistent_stats: 0.

CodeHeap 'non-profiled nmethods': size=120000Kb used=500Kb max_used=500Kb free=119499Kb
 bounds [0x0000023664cb0000, 0x0000023664f20000, 0x000002366c1e0000]
CodeHeap 'profiled nmethods': size=120000Kb used=3139Kb max_used=3139Kb free=116860Kb
 bounds [0x000002365d1e0000, 0x000002365d500000, 0x0000023664710000]
CodeHeap 'non-nmethods': size=5760Kb used=1223Kb max_used=1236Kb free=4536Kb
 bounds [0x0000023664710000, 0x0000023664980000, 0x0000023664cb0000]
 total_blobs=2198 nmethods=1675 adapters=435
 compilation: enabled
              stopped_count=0, restarted_count=0
 full_count=0

Compilation events (20 events):
Event: 16.354 Thread 0x0000023655a0cbf0 1603       3       java.lang.invoke.BoundMethodHandle::fieldCount (8 bytes)
Event: 16.354 Thread 0x0000023655a0cbf0 nmethod 1603 0x000002365d4cec10 code [0x000002365d4cedc0, 0x000002365d4cf0b8]
Event: 16.354 Thread 0x0000023655a0cbf0 1606       1       java.lang.invoke.MethodHandleImpl$AsVarargsCollector::getTarget (5 bytes)
Event: 16.354 Thread 0x0000023655a0cbf0 nmethod 1606 0x0000023664d2a690 code [0x0000023664d2a820, 0x0000023664d2a8f8]
Event: 16.354 Thread 0x0000023655a0cbf0 1609       3       com.google.common.base.Splitter$1$1::separatorStart (16 bytes)
Event: 16.355 Thread 0x0000023655a0cbf0 nmethod 1609 0x000002365d4cf210 code [0x000002365d4cf3c0, 0x000002365d4cf5a8]
Event: 16.355 Thread 0x0000023655a0cbf0 1610       3       com.google.common.base.AbstractIterator::tryToComputeNext (36 bytes)
Event: 16.355 Thread 0x0000023655a0cbf0 nmethod 1610 0x000002365d4cf690 code [0x000002365d4cf860, 0x000002365d4cfcc8]
Event: 16.355 Thread 0x0000023655a0cbf0 1611       3       com.google.common.base.Splitter$SplittingIterator::computeNext (5 bytes)
Event: 16.355 Thread 0x0000023655a0cbf0 nmethod 1611 0x000002365d4cfe10 code [0x000002365d4cffa0, 0x000002365d4d0168]
Event: 16.360 Thread 0x0000023655a0cbf0 1615       3       java.lang.Character::isJavaIdentifierPart (9 bytes)
Event: 16.360 Thread 0x0000023655a0cbf0 nmethod 1615 0x000002365d4d0210 code [0x000002365d4d03c0, 0x000002365d4d05b8]
Event: 16.360 Thread 0x0000023655a0cbf0 1616       3       java.lang.CharacterDataLatin1::isJavaIdentifierPart (20 bytes)
Event: 16.360 Thread 0x0000023655a0cbf0 nmethod 1616 0x000002365d4d0690 code [0x000002365d4d0840, 0x000002365d4d0a38]
Event: 16.360 Thread 0x0000023655a0cbf0 1617       3       java.nio.ByteBuffer::arrayOffset (35 bytes)
Event: 16.361 Thread 0x0000023655a0cbf0 nmethod 1617 0x000002365d4d0b90 code [0x000002365d4d0d60, 0x000002365d4d1038]
Event: 16.362 Thread 0x0000023655a0cbf0 1618       3       java.lang.Class::getConstructor (31 bytes)
Event: 16.363 Thread 0x0000023655a0cbf0 nmethod 1618 0x000002365d4d1190 code [0x000002365d4d1400, 0x000002365d4d1d78]
Event: 16.363 Thread 0x0000023655a0cbf0 1619       3       jdk.internal.reflect.Reflection::verifyModuleAccess (24 bytes)
Event: 16.364 Thread 0x0000023655a0cbf0 nmethod 1619 0x000002365d4d2190 code [0x000002365d4d23a0, 0x000002365d4d28d8]

GC Heap History (4 events):
Event: 2.986 GC heap before
{Heap before GC invocations=0 (full 0):
 garbage-first heap   total 65536K, used 15360K [0x00000000c1200000, 0x0000000100000000)
  region size 1024K, 13 young (13312K), 0 survivors (0K)
 Metaspace       used 6161K, committed 6400K, reserved 1114112K
  class space    used 718K, committed 832K, reserved 1048576K
}
Event: 3.001 GC heap after
{Heap after GC invocations=1 (full 0):
 garbage-first heap   total 65536K, used 6646K [0x00000000c1200000, 0x0000000100000000)
  region size 1024K, 2 young (2048K), 2 survivors (2048K)
 Metaspace       used 6161K, committed 6400K, reserved 1114112K
  class space    used 718K, committed 832K, reserved 1048576K
}
Event: 4.114 GC heap before
{Heap before GC invocations=1 (full 0):
 garbage-first heap   total 65536K, used 17910K [0x00000000c1200000, 0x0000000100000000)
  region size 1024K, 13 young (13312K), 2 survivors (2048K)
 Metaspace       used 11219K, committed 11520K, reserved 1114112K
  class space    used 1336K, committed 1472K, reserved 1048576K
}
Event: 4.123 GC heap after
{Heap after GC invocations=2 (full 0):
 garbage-first heap   total 65536K, used 8161K [0x00000000c1200000, 0x0000000100000000)
  region size 1024K, 2 young (2048K), 2 survivors (2048K)
 Metaspace       used 11219K, committed 11520K, reserved 1114112K
  class space    used 1336K, committed 1472K, reserved 1048576K
}

Deoptimization events (20 events):
Event: 4.014 Thread 0x000002365592df90 Uncommon trap: trap_request=0xffffffde fr.pc=0x0000023664d1f634 relative=0x0000000000000114
Event: 4.014 Thread 0x000002365592df90 Uncommon trap: reason=class_check action=maybe_recompile pc=0x0000023664d1f634 method=jdk.internal.misc.Unsafe.allocateUninitializedArray(Ljava/lang/Class;I)Ljava/lang/Object; @ 51 c2
Event: 4.014 Thread 0x000002365592df90 DEOPT PACKING pc=0x0000023664d1f634 sp=0x00000048faefcdf0
Event: 4.014 Thread 0x000002365592df90 DEOPT UNPACKING pc=0x00000236647623a3 sp=0x00000048faefcd78 mode 2
Event: 4.015 Thread 0x000002365592df90 Uncommon trap: trap_request=0xffffffde fr.pc=0x0000023664d1f634 relative=0x0000000000000114
Event: 4.015 Thread 0x000002365592df90 Uncommon trap: reason=class_check action=maybe_recompile pc=0x0000023664d1f634 method=jdk.internal.misc.Unsafe.allocateUninitializedArray(Ljava/lang/Class;I)Ljava/lang/Object; @ 51 c2
Event: 4.015 Thread 0x000002365592df90 DEOPT PACKING pc=0x0000023664d1f634 sp=0x00000048faefd720
Event: 4.015 Thread 0x000002365592df90 DEOPT UNPACKING pc=0x00000236647623a3 sp=0x00000048faefd6a8 mode 2
Event: 4.082 Thread 0x0000023675bc2110 Uncommon trap: trap_request=0xffffffc6 fr.pc=0x0000023664d080dc relative=0x000000000000029c
Event: 4.082 Thread 0x0000023675bc2110 Uncommon trap: reason=bimorphic_or_optimized_type_check action=maybe_recompile pc=0x0000023664d080dc method=java.util.HashMap.getNode(Ljava/lang/Object;)Ljava/util/HashMap$Node; @ 128 c2
Event: 4.082 Thread 0x0000023675bc2110 DEOPT PACKING pc=0x0000023664d080dc sp=0x00000048fcdfe2e0
Event: 4.082 Thread 0x0000023675bc2110 DEOPT UNPACKING pc=0x00000236647623a3 sp=0x00000048fcdfe248 mode 2
Event: 4.136 Thread 0x0000023675af15d0 Uncommon trap: trap_request=0xffffff45 fr.pc=0x0000023664cf8a28 relative=0x0000000000000b88
Event: 4.136 Thread 0x0000023675af15d0 Uncommon trap: reason=unstable_if action=reinterpret pc=0x0000023664cf8a28 method=java.util.concurrent.ConcurrentHashMap.addCount(JI)V @ 34 c2
Event: 4.136 Thread 0x0000023675af15d0 DEOPT PACKING pc=0x0000023664cf8a28 sp=0x00000048fc6fde60
Event: 4.136 Thread 0x0000023675af15d0 DEOPT UNPACKING pc=0x00000236647623a3 sp=0x00000048fc6fdd20 mode 2
Event: 16.320 Thread 0x000002365592df90 Uncommon trap: trap_request=0xffffff45 fr.pc=0x0000023664d0e2dc relative=0x000000000000093c
Event: 16.320 Thread 0x000002365592df90 Uncommon trap: reason=unstable_if action=reinterpret pc=0x0000023664d0e2dc method=java.util.HashMap.putVal(ILjava/lang/Object;Ljava/lang/Object;ZZ)Ljava/lang/Object; @ 81 c2
Event: 16.320 Thread 0x000002365592df90 DEOPT PACKING pc=0x0000023664d0e2dc sp=0x00000048faefe590
Event: 16.320 Thread 0x000002365592df90 DEOPT UNPACKING pc=0x00000236647623a3 sp=0x00000048faefe4d8 mode 2

Classes unloaded (0 events):
No events

Classes redefined (0 events):
No events

Internal exceptions (20 events):
Event: 3.145 Thread 0x000002365592df90 Exception <a 'java/lang/NoSuchMethodError'{0x00000000c4fbd450}: 'java.lang.Object java.lang.invoke.DirectMethodHandle$Holder.invokeStaticInit(java.lang.Object, java.lang.Object, int, int, int, int)'> (0x00000000c4fbd450) 
thrown [s\open\src\hotspot\share\interpreter\linkResolver.cpp, line 759]
Event: 3.440 Thread 0x000002365592df90 Exception <a 'java/lang/NoSuchMethodError'{0x00000000c4d99ea8}: 'java.lang.Object java.lang.invoke.DirectMethodHandle$Holder.invokeInterface(java.lang.Object, java.lang.Object, java.lang.Object)'> (0x00000000c4d99ea8) 
thrown [s\open\src\hotspot\share\interpreter\linkResolver.cpp, line 759]
Event: 3.441 Thread 0x000002365592df90 Exception <a 'java/lang/IncompatibleClassChangeError'{0x00000000c4d9d570}: Found class java.lang.Object, but interface was expected> (0x00000000c4d9d570) 
thrown [s\open\src\hotspot\share\interpreter\linkResolver.cpp, line 826]
Event: 3.447 Thread 0x000002365592df90 Exception <a 'java/lang/NoSuchMethodError'{0x00000000c4da58f8}: 'int java.lang.invoke.DirectMethodHandle$Holder.invokeSpecialIFC(java.lang.Object, java.lang.Object, java.lang.Object, java.lang.Object)'> (0x00000000c4da58f8) 
thrown [s\open\src\hotspot\share\interpreter\linkResolver.cpp, line 759]
Event: 3.478 Thread 0x000002365592df90 Exception <a 'java/lang/NoSuchMethodError'{0x00000000c4c08d48}: 'java.lang.Object java.lang.invoke.DirectMethodHandle$Holder.invokeVirtual(java.lang.Object, java.lang.Object, java.lang.Object, java.lang.Object)'> (0x00000000c4c08d48) 
thrown [s\open\src\hotspot\share\interpreter\linkResolver.cpp, line 759]
Event: 3.530 Thread 0x0000023675b28d40 Exception <a 'java/net/ConnectException'{0x00000000c4c82e18}: Connection refused: no further information> (0x00000000c4c82e18) 
thrown [s\open\src\hotspot\share\prims\jni.cpp, line 535]
Event: 3.530 Thread 0x0000023675b28d40 Exception <a 'java/net/SocketException'{0x00000000c4c83150}: Socket is not connected: shutdown> (0x00000000c4c83150) 
thrown [s\open\src\hotspot\share\prims\jni.cpp, line 535]
Event: 3.546 Thread 0x0000023675b28d40 Exception <a 'java/net/ConnectException'{0x00000000c4c84148}: Connection refused: no further information> (0x00000000c4c84148) 
thrown [s\open\src\hotspot\share\prims\jni.cpp, line 535]
Event: 3.546 Thread 0x0000023675b28d40 Exception <a 'java/net/SocketException'{0x00000000c4c84480}: Socket is not connected: shutdown> (0x00000000c4c84480) 
thrown [s\open\src\hotspot\share\prims\jni.cpp, line 535]
Event: 3.578 Thread 0x0000023675b28d40 Exception <a 'java/net/ConnectException'{0x00000000c4c853a8}: Connection refused: no further information> (0x00000000c4c853a8) 
thrown [s\open\src\hotspot\share\prims\jni.cpp, line 535]
Event: 3.578 Thread 0x0000023675b28d40 Exception <a 'java/net/SocketException'{0x00000000c4c856e0}: Socket is not connected: shutdown> (0x00000000c4c856e0) 
thrown [s\open\src\hotspot\share\prims\jni.cpp, line 535]
Event: 3.714 Thread 0x000002365592df90 Exception <a 'java/lang/NoSuchMethodError'{0x00000000c4b9a480}: 'java.lang.Object java.lang.invoke.DirectMethodHandle$Holder.newInvokeSpecial(java.lang.Object, java.lang.Object, int, int)'> (0x00000000c4b9a480) 
thrown [s\open\src\hotspot\share\interpreter\linkResolver.cpp, line 759]
Event: 3.719 Thread 0x000002365592df90 Exception <a 'java/lang/NoSuchMethodError'{0x00000000c4ba83f0}: 'void java.lang.invoke.DirectMethodHandle$Holder.invokeStatic(java.lang.Object, java.lang.Object, int)'> (0x00000000c4ba83f0) 
thrown [s\open\src\hotspot\share\interpreter\linkResolver.cpp, line 759]
Event: 3.804 Thread 0x000002365592df90 Exception <a 'java/lang/NoSuchMethodError'{0x00000000c4a9b350}: 'java.lang.Object java.lang.invoke.DirectMethodHandle$Holder.newInvokeSpecial(java.lang.Object, java.lang.Object, java.lang.Object, java.lang.Object, java.lang.Object)'> (0x00000000c4a9b350) 
thrown [s\open\src\hotspot\share\interpreter\linkResolver.cpp, line 759]
Event: 4.001 Thread 0x000002365592df90 Exception <a 'java/lang/NoSuchMethodError'{0x00000000c48d6180}: 'void java.lang.invoke.DirectMethodHandle$Holder.invokeSpecial(java.lang.Object, java.lang.Object, java.lang.Object)'> (0x00000000c48d6180) 
thrown [s\open\src\hotspot\share\interpreter\linkResolver.cpp, line 759]
Event: 4.060 Thread 0x0000023675bc2110 Exception <a 'java/lang/NoSuchMethodError'{0x00000000c4785fb0}: 'java.lang.Object java.lang.invoke.DirectMethodHandle$Holder.invokeSpecial(java.lang.Object, java.lang.Object, java.lang.Object, java.lang.Object, int)'> (0x00000000c4785fb0) 
thrown [s\open\src\hotspot\share\interpreter\linkResolver.cpp, line 759]
Event: 4.061 Thread 0x0000023675bc2110 Exception <a 'java/lang/NoSuchMethodError'{0x00000000c4789dc8}: 'java.lang.Object java.lang.invoke.Invokers$Holder.linkToTargetMethod(java.lang.Object, java.lang.Object, int, java.lang.Object)'> (0x00000000c4789dc8) 
thrown [s\open\src\hotspot\share\interpreter\linkResolver.cpp, line 759]
Event: 4.103 Thread 0x0000023675bc2110 Exception <a 'java/lang/NoSuchMethodError'{0x00000000c47dfe80}: 'void java.lang.invoke.DirectMethodHandle$Holder.invokeSpecial(java.lang.Object, java.lang.Object, java.lang.Object, java.lang.Object, java.lang.Object)'> (0x00000000c47dfe80) 
thrown [s\open\src\hotspot\share\interpreter\linkResolver.cpp, line 759]
Event: 16.132 Thread 0x0000023675bc3450 Exception <a 'java/lang/NoSuchMethodError'{0x00000000c5020440}: 'void java.lang.invoke.DirectMethodHandle$Holder.invokeSpecial(java.lang.Object, java.lang.Object, java.lang.Object, java.lang.Object, java.lang.Object, java.lang.Object, java.lang.Object)'> (0x00000000c5020440) 
thrown [s\open\src\hotspot\share\interpreter\linkResolver.cpp, line 759]
Event: 16.307 Thread 0x000002365592df90 Exception <a 'java/lang/NoSuchMethodError'{0x00000000c4fefe60}: 'java.lang.Object java.lang.invoke.DirectMethodHandle$Holder.invokeSpecialIFC(java.lang.Object, java.lang.Object, java.lang.Object)'> (0x00000000c4fefe60) 
thrown [s\open\src\hotspot\share\interpreter\linkResolver.cpp, line 759]

VM Operations (20 events):
Event: 0.633 Executing VM operation: HandshakeAllThreads
Event: 0.634 Executing VM operation: HandshakeAllThreads done
Event: 1.634 Executing VM operation: Cleanup
Event: 1.634 Executing VM operation: Cleanup done
Event: 2.558 Executing VM operation: HandshakeAllThreads
Event: 2.558 Executing VM operation: HandshakeAllThreads done
Event: 2.985 Executing VM operation: G1CollectForAllocation
Event: 3.001 Executing VM operation: G1CollectForAllocation done
Event: 3.161 Executing VM operation: HandshakeAllThreads
Event: 3.161 Executing VM operation: HandshakeAllThreads done
Event: 3.640 Executing VM operation: HandshakeAllThreads
Event: 3.640 Executing VM operation: HandshakeAllThreads done
Event: 3.645 Executing VM operation: HandshakeAllThreads
Event: 3.645 Executing VM operation: HandshakeAllThreads done
Event: 4.113 Executing VM operation: G1CollectForAllocation
Event: 4.123 Executing VM operation: G1CollectForAllocation done
Event: 6.134 Executing VM operation: Cleanup
Event: 6.134 Executing VM operation: Cleanup done
Event: 16.244 Executing VM operation: Cleanup
Event: 16.244 Executing VM operation: Cleanup done

Events (20 events):
Event: 16.105 loading class java/util/LinkedList$DescendingIterator
Event: 16.106 loading class java/util/LinkedList$DescendingIterator done
Event: 16.113 loading class java/util/stream/ReferencePipeline$5
Event: 16.114 loading class java/util/stream/LongPipeline$StatelessOp
Event: 16.114 loading class java/util/stream/LongPipeline
Event: 16.115 loading class java/util/stream/LongStream
Event: 16.115 loading class java/util/stream/LongStream done
Event: 16.116 loading class java/util/stream/LongPipeline done
Event: 16.116 loading class java/util/stream/LongPipeline$StatelessOp done
Event: 16.116 loading class java/util/stream/ReferencePipeline$5 done
Event: 16.116 loading class java/util/stream/FindOps$FindSink$OfLong
Event: 16.117 loading class java/util/stream/Sink$OfLong
Event: 16.117 loading class java/util/stream/Sink$OfLong done
Event: 16.117 loading class java/util/stream/FindOps$FindSink$OfLong done
Event: 16.117 loading class java/util/OptionalLong
Event: 16.118 loading class java/util/OptionalLong done
Event: 16.120 loading class java/util/stream/ReferencePipeline$5$1
Event: 16.122 loading class java/util/stream/ReferencePipeline$5$1 done
Event: 16.199 loading class java/util/DualPivotQuicksort
Event: 16.200 loading class java/util/DualPivotQuicksort done


Dynamic libraries:
0x00007ff6069c0000 - 0x00007ff6069d0000 	C:\Program Files\Java\jdk-17\bin\java.exe
0x00007ffd99850000 - 0x00007ffd99a48000 	C:\Windows\SYSTEM32\ntdll.dll
0x00007ffd985d0000 - 0x00007ffd9868d000 	C:\Windows\System32\KERNEL32.DLL
0x00007ffd96f30000 - 0x00007ffd97226000 	C:\Windows\System32\KERNELBASE.dll
0x00007ffd973a0000 - 0x00007ffd974a0000 	C:\Windows\System32\ucrtbase.dll
0x00007ffd928c0000 - 0x00007ffd928d9000 	C:\Program Files\Java\jdk-17\bin\jli.dll
0x00007ffd928a0000 - 0x00007ffd928bb000 	C:\Program Files\Java\jdk-17\bin\VCRUNTIME140.dll
0x00007ffd97cb0000 - 0x00007ffd97d5e000 	C:\Windows\System32\ADVAPI32.dll
0x00007ffd97f70000 - 0x00007ffd9800e000 	C:\Windows\System32\msvcrt.dll
0x00007ffd994d0000 - 0x00007ffd9956c000 	C:\Windows\System32\sechost.dll
0x00007ffd996e0000 - 0x00007ffd99806000 	C:\Windows\System32\RPCRT4.dll
0x00007ffd97b10000 - 0x00007ffd97cae000 	C:\Windows\System32\USER32.dll
0x00007ffd974a0000 - 0x00007ffd974c2000 	C:\Windows\System32\win32u.dll
0x00007ffd98100000 - 0x00007ffd9812c000 	C:\Windows\System32\GDI32.dll
0x00007ffd8a4a0000 - 0x00007ffd8a73a000 	C:\Windows\WinSxS\amd64_microsoft.windows.common-controls_6595b64144ccf1df_6.0.19041.1110_none_60b5254171f9507e\COMCTL32.dll
0x00007ffd974d0000 - 0x00007ffd975ea000 	C:\Windows\System32\gdi32full.dll
0x00007ffd97640000 - 0x00007ffd976dd000 	C:\Windows\System32\msvcp_win.dll
0x00007ffd8e740000 - 0x00007ffd8e74a000 	C:\Windows\SYSTEM32\VERSION.dll
0x00007ffd99650000 - 0x00007ffd99680000 	C:\Windows\System32\IMM32.DLL
0x00007ffd94770000 - 0x00007ffd9477c000 	C:\Program Files\Java\jdk-17\bin\vcruntime140_1.dll
0x00007ffd847d0000 - 0x00007ffd8485e000 	C:\Program Files\Java\jdk-17\bin\msvcp140.dll
0x00007ffd577c0000 - 0x00007ffd5839e000 	C:\Program Files\Java\jdk-17\bin\server\jvm.dll
0x00007ffd992b0000 - 0x00007ffd992b8000 	C:\Windows\System32\PSAPI.DLL
0x00007ffd900c0000 - 0x00007ffd900c9000 	C:\Windows\SYSTEM32\WSOCK32.dll
0x00007ffd8a1d0000 - 0x00007ffd8a1f7000 	C:\Windows\SYSTEM32\WINMM.dll
0x00007ffd98030000 - 0x00007ffd9809b000 	C:\Windows\System32\WS2_32.dll
0x00007ffd94ce0000 - 0x00007ffd94cf2000 	C:\Windows\SYSTEM32\kernel.appcore.dll
0x00007ffd94730000 - 0x00007ffd9473a000 	C:\Program Files\Java\jdk-17\bin\jimage.dll
0x00007ffd8f440000 - 0x00007ffd8f624000 	C:\Windows\SYSTEM32\DBGHELP.DLL
0x00007ffd8f1d0000 - 0x00007ffd8f204000 	C:\Windows\SYSTEM32\dbgcore.DLL
0x00007ffd972e0000 - 0x00007ffd97362000 	C:\Windows\System32\bcryptPrimitives.dll
0x00007ffd92630000 - 0x00007ffd9263e000 	C:\Program Files\Java\jdk-17\bin\instrument.dll
0x00007ffd90690000 - 0x00007ffd906b5000 	C:\Program Files\Java\jdk-17\bin\java.dll
0x00007ffd846f0000 - 0x00007ffd847c7000 	C:\Program Files\Java\jdk-17\bin\jsvml.dll
0x00007ffd98690000 - 0x00007ffd98dd5000 	C:\Windows\System32\SHELL32.dll
0x00007ffd94fc0000 - 0x00007ffd9575b000 	C:\Windows\SYSTEM32\windows.storage.dll
0x00007ffd98130000 - 0x00007ffd98484000 	C:\Windows\System32\combase.dll
0x00007ffd968a0000 - 0x00007ffd968ce000 	C:\Windows\SYSTEM32\Wldp.dll
0x00007ffd984a0000 - 0x00007ffd9854d000 	C:\Windows\System32\SHCORE.dll
0x00007ffd980a0000 - 0x00007ffd980f5000 	C:\Windows\System32\shlwapi.dll
0x00007ffd96e60000 - 0x00007ffd96e85000 	C:\Windows\SYSTEM32\profapi.dll
0x00007ffd92610000 - 0x00007ffd92628000 	C:\Program Files\Java\jdk-17\bin\zip.dll
0x00007ffd90650000 - 0x00007ffd90669000 	C:\Program Files\Java\jdk-17\bin\net.dll
0x00007ffd91910000 - 0x00007ffd91a1a000 	C:\Windows\SYSTEM32\WINHTTP.dll
0x00007ffd96600000 - 0x00007ffd9666a000 	C:\Windows\system32\mswsock.dll
0x00007ffd90600000 - 0x00007ffd90616000 	C:\Program Files\Java\jdk-17\bin\nio.dll
0x00007ffd8e810000 - 0x00007ffd8e82a000 	C:\Program Files\JetBrains\IntelliJ IDEA Community Edition 2023.2.2\bin\breakgen64.dll
0x00007ffd96330000 - 0x00007ffd963fa000 	C:\Windows\SYSTEM32\DNSAPI.dll
0x00007ffd962f0000 - 0x00007ffd9632b000 	C:\Windows\SYSTEM32\IPHLPAPI.DLL
0x00007ffd99570000 - 0x00007ffd99578000 	C:\Windows\System32\NSI.dll
0x00007ffd88c00000 - 0x00007ffd88c0a000 	C:\Windows\System32\rasadhlp.dll
0x00007ffd89e20000 - 0x00007ffd89ea2000 	C:\Windows\System32\fwpuclnt.dll
0x00007ffd97370000 - 0x00007ffd97397000 	C:\Windows\System32\bcrypt.dll
0x00007ffd967f0000 - 0x00007ffd96808000 	C:\Windows\SYSTEM32\CRYPTSP.dll
0x00007ffd95f10000 - 0x00007ffd95f44000 	C:\Windows\system32\rsaenh.dll
0x00007ffd96de0000 - 0x00007ffd96e0e000 	C:\Windows\SYSTEM32\USERENV.dll
0x00007ffd96810000 - 0x00007ffd9681c000 	C:\Windows\SYSTEM32\CRYPTBASE.dll
0x00007ffd8ff70000 - 0x00007ffd8ff87000 	C:\Windows\SYSTEM32\dhcpcsvc6.DLL
0x00007ffd910e0000 - 0x00007ffd910fd000 	C:\Windows\SYSTEM32\dhcpcsvc.DLL
0x00007ffd905f0000 - 0x00007ffd905fe000 	C:\Program Files\Java\jdk-17\bin\sunmscapi.dll
0x00007ffd976e0000 - 0x00007ffd9783e000 	C:\Windows\System32\CRYPT32.dll
0x00007ffd96910000 - 0x00007ffd96938000 	C:\Windows\SYSTEM32\ncrypt.dll
0x00007ffd968d0000 - 0x00007ffd9690b000 	C:\Windows\SYSTEM32\NTASN1.dll
0x00007ffd92410000 - 0x00007ffd92417000 	C:\Windows\system32\wshunix.dll

dbghelp: loaded successfully - version: 4.0.5 - missing functions: none
symbol engine: initialized successfully - sym options: 0x614 - pdb path: .;C:\Program Files\Java\jdk-17\bin;C:\Windows\SYSTEM32;C:\Windows\WinSxS\amd64_microsoft.windows.common-controls_6595b64144ccf1df_6.0.19041.1110_none_60b5254171f9507e;C:\Program Files\Java\jdk-17\bin\server;C:\Program Files\JetBrains\IntelliJ IDEA Community Edition 2023.2.2\bin

VM Arguments:
jvm_args: -javaagent:C:\Program Files\JetBrains\IntelliJ IDEA Community Edition 2023.2.2\lib\idea_rt.jar=51759:C:\Program Files\JetBrains\IntelliJ IDEA Community Edition 2023.2.2\bin -Dfile.encoding=UTF-8 
java_command: cyclosTestNg.TesingTestMethods
java_class_path (initial): C:\Users\HP\IdeaProjects\selenium with webdriver\out\production\selenium with webdriver;C:\Users\HP\Downloads\selenium-server-4.15.0.jar;C:\Users\HP\Downloads\testng-7.8.0.jar
Launcher Type: SUN_STANDARD

[Global flags]
     intx CICompilerCount                          = 3                                         {product} {ergonomic}
     uint ConcGCThreads                            = 1                                         {product} {ergonomic}
     uint G1ConcRefinementThreads                  = 4                                         {product} {ergonomic}
   size_t G1HeapRegionSize                         = 1048576                                   {product} {ergonomic}
    uintx GCDrainStackTargetSize                   = 64                                        {product} {ergonomic}
   size_t InitialHeapSize                          = 67108864                                  {product} {ergonomic}
   size_t MarkStackSize                            = 4194304                                   {product} {ergonomic}
   size_t MaxHeapSize                              = 1054867456                                {product} {ergonomic}
   size_t MaxNewSize                               = 632291328                                 {product} {ergonomic}
   size_t MinHeapDeltaBytes                        = 1048576                                   {product} {ergonomic}
   size_t MinHeapSize                              = 8388608                                   {product} {ergonomic}
    uintx NonNMethodCodeHeapSize                   = 5832780                                {pd product} {ergonomic}
    uintx NonProfiledCodeHeapSize                  = 122912730                              {pd product} {ergonomic}
    uintx ProfiledCodeHeapSize                     = 122912730                              {pd product} {ergonomic}
    uintx ReservedCodeCacheSize                    = 251658240                              {pd product} {ergonomic}
     bool SegmentedCodeCache                       = true                                      {product} {ergonomic}
   size_t SoftMaxHeapSize                          = 1054867456                             {manageable} {ergonomic}
     bool UseCompressedClassPointers               = true                           {product lp64_product} {ergonomic}
     bool UseCompressedOops                        = true                           {product lp64_product} {ergonomic}
     bool UseG1GC                                  = true                                      {product} {ergonomic}
     bool UseLargePagesIndividualAllocation        = false                                  {pd product} {ergonomic}

Logging:
Log output configuration:
 #0: stdout all=warning uptime,level,tags
 #1: stderr all=off uptime,level,tags

Environment Variables:
PATH=C:\Program Files\Common Files\Oracle\Java\javapath;C:\Windows\system32;C:\Windows;C:\Windows\System32\Wbem;C:\Windows\System32\WindowsPowerShell\v1.0\;C:\Windows\System32\OpenSSH\;C:\Program Files (x86)\Microsoft SQL Server\160\DTS\Binn\;C:\Program Files\Azure Data Studio\bin;C:\Program Files (x86)\Microsoft SQL Server\160\Tools\Binn\;C:\Program Files\Microsoft SQL Server\160\Tools\Binn\;C:\Program Files\Microsoft SQL Server\Client SDK\ODBC\170\Tools\Binn\;C:\Program Files\Microsoft SQL Server\160\DTS\Binn\;C:\Program Files\Java\jdk-17\bin;C:\Program Files\nodejs\;C:\Users\HP\AppData\Local\Microsoft\WindowsApps;C:\Users\HP\AppData\Local\Programs\Microsoft VS Code\bin;C:\Program Files\JetBrains\IntelliJ IDEA Community Edition 2023.2.2\bin;C:\Users\HP\AppData\Roaming\npm
USERNAME=HP
OS=Windows_NT
PROCESSOR_IDENTIFIER=Intel64 Family 6 Model 61 Stepping 4, GenuineIntel



---------------  S Y S T E M  ---------------

OS:
 Windows 10 , 64 bit Build 19041 (10.0.19041.3393)
OS uptime: 73 days 16:22 hours

CPU: total 4 (initial active 4) (2 cores per cpu, 2 threads per core) family 6 model 61 stepping 4 microcode 0x2d, cx8, cmov, fxsr, ht, mmx, 3dnowpref, sse, sse2, sse3, ssse3, sse4.1, sse4.2, popcnt, lzcnt, tsc, tscinvbit, avx, avx2, aes, erms, clmul, bmi1, bmi2, adx, fma, vzeroupper, clflush

Memory: 4k page, system-wide physical 4016M (192M free)
TotalPageFile size 16304M (AvailPageFile size 1M)
current process WorkingSet (physical memory assigned to process): 82M, peak: 82M
current process commit charge ("private bytes"): 157M, peak: 157M

vm_info: Java HotSpot(TM) 64-Bit Server VM (17.0.8+9-LTS-211) for windows-amd64 JRE (17.0.8+9-LTS-211), built on Jun 14 2023 10:34:31 by "mach5one" with MS VC++ 17.1 (VS2022)

END.
